// Jest Snapshot v1, https://goo.gl/fbAQLP

exports[`should not render spinner 1`] = `null`;

exports[`should render spinner 1`] = `
<div>
  spinner...
</div>
`;
