// Jest Snapshot v1, https://goo.gl/fbAQLP

exports[`should render navigation link 1`] = `
<a
  className="MuiTypography-root MuiLink-root MuiLink-underlineHover MuiTypography-colorPrimary"
  href="/"
  onBlur={[Function]}
  onClick={[Function]}
  onFocus={[Function]}
>
  Home
</a>
`;
